2025-08-02 11:53:28,246 - lhp.cli.main - INFO - Logging initialized - File: C:\Users\FedAguirre\Fed_AA\Learning\MDDF-CURSOR\Lakehouse_Plumber\Example_Projects\acmi\.lhp\logs\lhp.log, Console level: WARNING
2025-08-02 11:53:28,255 - lhp.core.template_engine - INFO - Loading 3 templates from C:\Users\FedAguirre\Fed_AA\Learning\MDDF-CURSOR\Lakehouse_Plumber\Example_Projects\acmi\templates
2025-08-02 11:53:28,266 - lhp.core.template_engine - DEBUG - Loaded template: csv_ingestion_template
2025-08-02 11:53:28,277 - lhp.core.template_engine - DEBUG - Loaded template: json_ingestion_template
2025-08-02 11:53:28,289 - lhp.core.template_engine - DEBUG - Loaded template: parquet_ingestion_template
2025-08-02 11:53:28,303 - lhp.core.project_config_loader - INFO - Loaded project configuration from C:\Users\FedAguirre\Fed_AA\Learning\MDDF-CURSOR\Lakehouse_Plumber\Example_Projects\acmi\lhp.yaml
2025-08-02 11:53:28,303 - lhp.core.orchestrator - INFO - Initialized ActionOrchestrator with project root: C:\Users\FedAguirre\Fed_AA\Learning\MDDF-CURSOR\Lakehouse_Plumber\Example_Projects\acmi
2025-08-02 11:53:28,303 - lhp.core.orchestrator - INFO - Loaded project configuration: acmi_edw v1.0
2025-08-02 11:53:28,309 - lhp.core.orchestrator - DEBUG - Discovered flowgroup: customer_ingestion (pipeline: raw_ingestions) in C:\Users\FedAguirre\Fed_AA\Learning\MDDF-CURSOR\Lakehouse_Plumber\Example_Projects\acmi\pipelines\01_raw_ingestion\csv_ingestions\customer_ingestion.yaml
2025-08-02 11:53:28,309 - lhp.core.orchestrator - DEBUG - Discovered flowgroup: lineitem_ingestion (pipeline: raw_ingestions) in C:\Users\FedAguirre\Fed_AA\Learning\MDDF-CURSOR\Lakehouse_Plumber\Example_Projects\acmi\pipelines\01_raw_ingestion\json_ingestion\lineitem_ingestion.yaml
2025-08-02 11:53:28,328 - lhp.core.orchestrator - DEBUG - Discovered flowgroup: nation_ingestion (pipeline: raw_ingestions) in C:\Users\FedAguirre\Fed_AA\Learning\MDDF-CURSOR\Lakehouse_Plumber\Example_Projects\acmi\pipelines\01_raw_ingestion\parquet_ingestions\nation_ingestion.yaml
2025-08-02 11:53:28,328 - lhp.core.orchestrator - DEBUG - Discovered flowgroup: orders_ingestion (pipeline: raw_ingestions) in C:\Users\FedAguirre\Fed_AA\Learning\MDDF-CURSOR\Lakehouse_Plumber\Example_Projects\acmi\pipelines\01_raw_ingestion\parquet_ingestions\orders_ingestion.yaml
2025-08-02 11:53:28,342 - lhp.core.orchestrator - DEBUG - Discovered flowgroup: partsupp_ingestion (pipeline: raw_ingestions) in C:\Users\FedAguirre\Fed_AA\Learning\MDDF-CURSOR\Lakehouse_Plumber\Example_Projects\acmi\pipelines\01_raw_ingestion\parquet_ingestions\partsupp_ingestion.yaml
2025-08-02 11:53:28,347 - lhp.core.orchestrator - DEBUG - Discovered flowgroup: part_ingestion (pipeline: raw_ingestions) in C:\Users\FedAguirre\Fed_AA\Learning\MDDF-CURSOR\Lakehouse_Plumber\Example_Projects\acmi\pipelines\01_raw_ingestion\parquet_ingestions\part_ingestion.yaml
2025-08-02 11:53:28,353 - lhp.core.orchestrator - DEBUG - Discovered flowgroup: region_ingestion (pipeline: raw_ingestions) in C:\Users\FedAguirre\Fed_AA\Learning\MDDF-CURSOR\Lakehouse_Plumber\Example_Projects\acmi\pipelines\01_raw_ingestion\parquet_ingestions\region_ingestion.yaml
2025-08-02 11:53:28,358 - lhp.core.orchestrator - DEBUG - Discovered flowgroup: supplier_ingestion (pipeline: raw_ingestions) in C:\Users\FedAguirre\Fed_AA\Learning\MDDF-CURSOR\Lakehouse_Plumber\Example_Projects\acmi\pipelines\01_raw_ingestion\parquet_ingestions\supplier_ingestion.yaml
2025-08-02 11:53:28,365 - lhp.core.orchestrator - DEBUG - Discovered flowgroup: customer_bronze (pipeline: bronze_load) in C:\Users\FedAguirre\Fed_AA\Learning\MDDF-CURSOR\Lakehouse_Plumber\Example_Projects\acmi\pipelines\02_bronze\customer_bronze.yaml
2025-08-02 11:53:28,373 - lhp.core.orchestrator - DEBUG - Discovered flowgroup: lineitem_bronze (pipeline: bronze_load) in C:\Users\FedAguirre\Fed_AA\Learning\MDDF-CURSOR\Lakehouse_Plumber\Example_Projects\acmi\pipelines\02_bronze\lineitem_bronze.yaml
2025-08-02 11:53:28,375 - lhp.core.orchestrator - DEBUG - Discovered flowgroup: nation_bronze (pipeline: bronze_load) in C:\Users\FedAguirre\Fed_AA\Learning\MDDF-CURSOR\Lakehouse_Plumber\Example_Projects\acmi\pipelines\02_bronze\nation_bronze.yaml
2025-08-02 11:53:28,391 - lhp.core.orchestrator - DEBUG - Discovered flowgroup: orders_bronze (pipeline: bronze_load) in C:\Users\FedAguirre\Fed_AA\Learning\MDDF-CURSOR\Lakehouse_Plumber\Example_Projects\acmi\pipelines\02_bronze\orders_bronze.yaml
2025-08-02 11:53:28,400 - lhp.core.orchestrator - DEBUG - Discovered flowgroup: partsupp_bronze (pipeline: bronze_load) in C:\Users\FedAguirre\Fed_AA\Learning\MDDF-CURSOR\Lakehouse_Plumber\Example_Projects\acmi\pipelines\02_bronze\partsupp_bronze.yaml
2025-08-02 11:53:28,410 - lhp.core.orchestrator - DEBUG - Discovered flowgroup: part_bronze (pipeline: bronze_load) in C:\Users\FedAguirre\Fed_AA\Learning\MDDF-CURSOR\Lakehouse_Plumber\Example_Projects\acmi\pipelines\02_bronze\part_bronze.yaml
2025-08-02 11:53:28,410 - lhp.core.orchestrator - DEBUG - Discovered flowgroup: region_bronze (pipeline: bronze_load) in C:\Users\FedAguirre\Fed_AA\Learning\MDDF-CURSOR\Lakehouse_Plumber\Example_Projects\acmi\pipelines\02_bronze\region_bronze.yaml
2025-08-02 11:53:28,423 - lhp.core.orchestrator - DEBUG - Discovered flowgroup: supplier_bronze (pipeline: bronze_load) in C:\Users\FedAguirre\Fed_AA\Learning\MDDF-CURSOR\Lakehouse_Plumber\Example_Projects\acmi\pipelines\02_bronze\supplier_bronze.yaml
2025-08-02 11:53:28,426 - lhp.core.orchestrator - DEBUG - Discovered flowgroup: customer_silver_dim (pipeline: silver_load) in C:\Users\FedAguirre\Fed_AA\Learning\MDDF-CURSOR\Lakehouse_Plumber\Example_Projects\acmi\pipelines\03_silver\dim\customer_silver_dim.yaml
2025-08-02 11:53:28,439 - lhp.core.orchestrator - DEBUG - Discovered flowgroup: nation_silver_dim (pipeline: silver_load) in C:\Users\FedAguirre\Fed_AA\Learning\MDDF-CURSOR\Lakehouse_Plumber\Example_Projects\acmi\pipelines\03_silver\dim\nation_silver_dim.yaml
2025-08-02 11:53:28,456 - lhp.core.orchestrator - DEBUG - Discovered flowgroup: partsupp_silver_dim (pipeline: silver_load) in C:\Users\FedAguirre\Fed_AA\Learning\MDDF-CURSOR\Lakehouse_Plumber\Example_Projects\acmi\pipelines\03_silver\dim\partsupp_silver_dim.yaml
2025-08-02 11:53:28,459 - lhp.core.orchestrator - DEBUG - Discovered flowgroup: part_silver_dim (pipeline: silver_load) in C:\Users\FedAguirre\Fed_AA\Learning\MDDF-CURSOR\Lakehouse_Plumber\Example_Projects\acmi\pipelines\03_silver\dim\part_silver_dim.yaml
2025-08-02 11:53:28,471 - lhp.core.orchestrator - DEBUG - Discovered flowgroup: region_silver_dim (pipeline: silver_load) in C:\Users\FedAguirre\Fed_AA\Learning\MDDF-CURSOR\Lakehouse_Plumber\Example_Projects\acmi\pipelines\03_silver\dim\region_silver_dim.yaml
2025-08-02 11:53:28,471 - lhp.core.orchestrator - DEBUG - Discovered flowgroup: supplier_silver_dim (pipeline: silver_load) in C:\Users\FedAguirre\Fed_AA\Learning\MDDF-CURSOR\Lakehouse_Plumber\Example_Projects\acmi\pipelines\03_silver\dim\supplier_silver_dim.yaml
2025-08-02 11:53:28,478 - lhp.core.orchestrator - DEBUG - Discovered flowgroup: lineitem_silver_fct (pipeline: silver_load) in C:\Users\FedAguirre\Fed_AA\Learning\MDDF-CURSOR\Lakehouse_Plumber\Example_Projects\acmi\pipelines\03_silver\fct\lineitem_silver_fct.yaml
2025-08-02 11:53:28,496 - lhp.core.orchestrator - DEBUG - Discovered flowgroup: orders_silver_fct (pipeline: silver_load) in C:\Users\FedAguirre\Fed_AA\Learning\MDDF-CURSOR\Lakehouse_Plumber\Example_Projects\acmi\pipelines\03_silver\fct\orders_silver_fct.yaml
2025-08-02 11:53:28,503 - lhp.core.orchestrator - DEBUG - Discovered flowgroup: customer_lifetime_value (pipeline: gold_load) in C:\Users\FedAguirre\Fed_AA\Learning\MDDF-CURSOR\Lakehouse_Plumber\Example_Projects\acmi\pipelines\04_gold\customer_lifetime_value.yaml
2025-08-02 11:53:28,511 - lhp.core.orchestrator - DEBUG - Discovered flowgroup: customer_segmentation_mv (pipeline: gold_load) in C:\Users\FedAguirre\Fed_AA\Learning\MDDF-CURSOR\Lakehouse_Plumber\Example_Projects\acmi\pipelines\04_gold\customer_segmentation_mv.yaml
2025-08-02 11:53:28,520 - lhp.core.orchestrator - DEBUG - Discovered flowgroup: executive_dashboard_mv (pipeline: gold_load) in C:\Users\FedAguirre\Fed_AA\Learning\MDDF-CURSOR\Lakehouse_Plumber\Example_Projects\acmi\pipelines\04_gold\executive_dashboard_mv.yaml
2025-08-02 11:53:28,534 - lhp.core.orchestrator - DEBUG - Discovered flowgroup: product_performance_mv (pipeline: gold_load) in C:\Users\FedAguirre\Fed_AA\Learning\MDDF-CURSOR\Lakehouse_Plumber\Example_Projects\acmi\pipelines\04_gold\product_performance_mv.yaml
2025-08-02 11:53:28,534 - lhp.core.orchestrator - DEBUG - Discovered flowgroup: revenue_by_region_mv (pipeline: gold_load) in C:\Users\FedAguirre\Fed_AA\Learning\MDDF-CURSOR\Lakehouse_Plumber\Example_Projects\acmi\pipelines\04_gold\revenue_by_region_mv.yaml
2025-08-02 11:53:28,566 - lhp.core.orchestrator - DEBUG - Discovered flowgroup: sales_summary_daily_mv (pipeline: gold_load) in C:\Users\FedAguirre\Fed_AA\Learning\MDDF-CURSOR\Lakehouse_Plumber\Example_Projects\acmi\pipelines\04_gold\sales_summary_daily_mv.yaml
2025-08-02 11:53:28,575 - lhp.core.orchestrator - DEBUG - Discovered flowgroup: sales_summary_monthly_mv (pipeline: gold_load) in C:\Users\FedAguirre\Fed_AA\Learning\MDDF-CURSOR\Lakehouse_Plumber\Example_Projects\acmi\pipelines\04_gold\sales_summary_monthly_mv.yaml
2025-08-02 11:53:28,575 - lhp.core.orchestrator - DEBUG - Discovered flowgroup: customer_ingestion (pipeline: raw_ingestions) in C:\Users\FedAguirre\Fed_AA\Learning\MDDF-CURSOR\Lakehouse_Plumber\Example_Projects\acmi\pipelines\01_raw_ingestion\csv_ingestions\customer_ingestion.yaml
2025-08-02 11:53:28,582 - lhp.core.orchestrator - DEBUG - Discovered flowgroup: lineitem_ingestion (pipeline: raw_ingestions) in C:\Users\FedAguirre\Fed_AA\Learning\MDDF-CURSOR\Lakehouse_Plumber\Example_Projects\acmi\pipelines\01_raw_ingestion\json_ingestion\lineitem_ingestion.yaml
2025-08-02 11:53:28,582 - lhp.core.orchestrator - DEBUG - Discovered flowgroup: nation_ingestion (pipeline: raw_ingestions) in C:\Users\FedAguirre\Fed_AA\Learning\MDDF-CURSOR\Lakehouse_Plumber\Example_Projects\acmi\pipelines\01_raw_ingestion\parquet_ingestions\nation_ingestion.yaml
2025-08-02 11:53:28,582 - lhp.core.orchestrator - DEBUG - Discovered flowgroup: orders_ingestion (pipeline: raw_ingestions) in C:\Users\FedAguirre\Fed_AA\Learning\MDDF-CURSOR\Lakehouse_Plumber\Example_Projects\acmi\pipelines\01_raw_ingestion\parquet_ingestions\orders_ingestion.yaml
2025-08-02 11:53:28,582 - lhp.core.orchestrator - DEBUG - Discovered flowgroup: partsupp_ingestion (pipeline: raw_ingestions) in C:\Users\FedAguirre\Fed_AA\Learning\MDDF-CURSOR\Lakehouse_Plumber\Example_Projects\acmi\pipelines\01_raw_ingestion\parquet_ingestions\partsupp_ingestion.yaml
2025-08-02 11:53:28,582 - lhp.core.orchestrator - DEBUG - Discovered flowgroup: part_ingestion (pipeline: raw_ingestions) in C:\Users\FedAguirre\Fed_AA\Learning\MDDF-CURSOR\Lakehouse_Plumber\Example_Projects\acmi\pipelines\01_raw_ingestion\parquet_ingestions\part_ingestion.yaml
2025-08-02 11:53:28,582 - lhp.core.orchestrator - DEBUG - Discovered flowgroup: region_ingestion (pipeline: raw_ingestions) in C:\Users\FedAguirre\Fed_AA\Learning\MDDF-CURSOR\Lakehouse_Plumber\Example_Projects\acmi\pipelines\01_raw_ingestion\parquet_ingestions\region_ingestion.yaml
2025-08-02 11:53:28,582 - lhp.core.orchestrator - DEBUG - Discovered flowgroup: supplier_ingestion (pipeline: raw_ingestions) in C:\Users\FedAguirre\Fed_AA\Learning\MDDF-CURSOR\Lakehouse_Plumber\Example_Projects\acmi\pipelines\01_raw_ingestion\parquet_ingestions\supplier_ingestion.yaml
2025-08-02 11:53:28,587 - lhp.core.orchestrator - DEBUG - Discovered flowgroup: customer_bronze (pipeline: bronze_load) in C:\Users\FedAguirre\Fed_AA\Learning\MDDF-CURSOR\Lakehouse_Plumber\Example_Projects\acmi\pipelines\02_bronze\customer_bronze.yaml
2025-08-02 11:53:28,587 - lhp.core.orchestrator - DEBUG - Discovered flowgroup: lineitem_bronze (pipeline: bronze_load) in C:\Users\FedAguirre\Fed_AA\Learning\MDDF-CURSOR\Lakehouse_Plumber\Example_Projects\acmi\pipelines\02_bronze\lineitem_bronze.yaml
2025-08-02 11:53:28,587 - lhp.core.orchestrator - DEBUG - Discovered flowgroup: nation_bronze (pipeline: bronze_load) in C:\Users\FedAguirre\Fed_AA\Learning\MDDF-CURSOR\Lakehouse_Plumber\Example_Projects\acmi\pipelines\02_bronze\nation_bronze.yaml
2025-08-02 11:53:28,587 - lhp.core.orchestrator - DEBUG - Discovered flowgroup: orders_bronze (pipeline: bronze_load) in C:\Users\FedAguirre\Fed_AA\Learning\MDDF-CURSOR\Lakehouse_Plumber\Example_Projects\acmi\pipelines\02_bronze\orders_bronze.yaml
2025-08-02 11:53:28,595 - lhp.core.orchestrator - DEBUG - Discovered flowgroup: partsupp_bronze (pipeline: bronze_load) in C:\Users\FedAguirre\Fed_AA\Learning\MDDF-CURSOR\Lakehouse_Plumber\Example_Projects\acmi\pipelines\02_bronze\partsupp_bronze.yaml
2025-08-02 11:53:28,597 - lhp.core.orchestrator - DEBUG - Discovered flowgroup: part_bronze (pipeline: bronze_load) in C:\Users\FedAguirre\Fed_AA\Learning\MDDF-CURSOR\Lakehouse_Plumber\Example_Projects\acmi\pipelines\02_bronze\part_bronze.yaml
2025-08-02 11:53:28,598 - lhp.core.orchestrator - DEBUG - Discovered flowgroup: region_bronze (pipeline: bronze_load) in C:\Users\FedAguirre\Fed_AA\Learning\MDDF-CURSOR\Lakehouse_Plumber\Example_Projects\acmi\pipelines\02_bronze\region_bronze.yaml
2025-08-02 11:53:28,600 - lhp.core.orchestrator - DEBUG - Discovered flowgroup: supplier_bronze (pipeline: bronze_load) in C:\Users\FedAguirre\Fed_AA\Learning\MDDF-CURSOR\Lakehouse_Plumber\Example_Projects\acmi\pipelines\02_bronze\supplier_bronze.yaml
2025-08-02 11:53:28,603 - lhp.core.orchestrator - DEBUG - Discovered flowgroup: customer_silver_dim (pipeline: silver_load) in C:\Users\FedAguirre\Fed_AA\Learning\MDDF-CURSOR\Lakehouse_Plumber\Example_Projects\acmi\pipelines\03_silver\dim\customer_silver_dim.yaml
2025-08-02 11:53:28,605 - lhp.core.orchestrator - DEBUG - Discovered flowgroup: nation_silver_dim (pipeline: silver_load) in C:\Users\FedAguirre\Fed_AA\Learning\MDDF-CURSOR\Lakehouse_Plumber\Example_Projects\acmi\pipelines\03_silver\dim\nation_silver_dim.yaml
2025-08-02 11:53:28,605 - lhp.core.orchestrator - DEBUG - Discovered flowgroup: partsupp_silver_dim (pipeline: silver_load) in C:\Users\FedAguirre\Fed_AA\Learning\MDDF-CURSOR\Lakehouse_Plumber\Example_Projects\acmi\pipelines\03_silver\dim\partsupp_silver_dim.yaml
2025-08-02 11:53:28,609 - lhp.core.orchestrator - DEBUG - Discovered flowgroup: part_silver_dim (pipeline: silver_load) in C:\Users\FedAguirre\Fed_AA\Learning\MDDF-CURSOR\Lakehouse_Plumber\Example_Projects\acmi\pipelines\03_silver\dim\part_silver_dim.yaml
2025-08-02 11:53:28,609 - lhp.core.orchestrator - DEBUG - Discovered flowgroup: region_silver_dim (pipeline: silver_load) in C:\Users\FedAguirre\Fed_AA\Learning\MDDF-CURSOR\Lakehouse_Plumber\Example_Projects\acmi\pipelines\03_silver\dim\region_silver_dim.yaml
2025-08-02 11:53:28,609 - lhp.core.orchestrator - DEBUG - Discovered flowgroup: supplier_silver_dim (pipeline: silver_load) in C:\Users\FedAguirre\Fed_AA\Learning\MDDF-CURSOR\Lakehouse_Plumber\Example_Projects\acmi\pipelines\03_silver\dim\supplier_silver_dim.yaml
2025-08-02 11:53:28,609 - lhp.core.orchestrator - DEBUG - Discovered flowgroup: lineitem_silver_fct (pipeline: silver_load) in C:\Users\FedAguirre\Fed_AA\Learning\MDDF-CURSOR\Lakehouse_Plumber\Example_Projects\acmi\pipelines\03_silver\fct\lineitem_silver_fct.yaml
2025-08-02 11:53:28,609 - lhp.core.orchestrator - DEBUG - Discovered flowgroup: orders_silver_fct (pipeline: silver_load) in C:\Users\FedAguirre\Fed_AA\Learning\MDDF-CURSOR\Lakehouse_Plumber\Example_Projects\acmi\pipelines\03_silver\fct\orders_silver_fct.yaml
2025-08-02 11:53:28,609 - lhp.core.orchestrator - DEBUG - Discovered flowgroup: customer_lifetime_value (pipeline: gold_load) in C:\Users\FedAguirre\Fed_AA\Learning\MDDF-CURSOR\Lakehouse_Plumber\Example_Projects\acmi\pipelines\04_gold\customer_lifetime_value.yaml
2025-08-02 11:53:28,609 - lhp.core.orchestrator - DEBUG - Discovered flowgroup: customer_segmentation_mv (pipeline: gold_load) in C:\Users\FedAguirre\Fed_AA\Learning\MDDF-CURSOR\Lakehouse_Plumber\Example_Projects\acmi\pipelines\04_gold\customer_segmentation_mv.yaml
2025-08-02 11:53:28,625 - lhp.core.orchestrator - DEBUG - Discovered flowgroup: executive_dashboard_mv (pipeline: gold_load) in C:\Users\FedAguirre\Fed_AA\Learning\MDDF-CURSOR\Lakehouse_Plumber\Example_Projects\acmi\pipelines\04_gold\executive_dashboard_mv.yaml
2025-08-02 11:53:28,626 - lhp.core.orchestrator - DEBUG - Discovered flowgroup: product_performance_mv (pipeline: gold_load) in C:\Users\FedAguirre\Fed_AA\Learning\MDDF-CURSOR\Lakehouse_Plumber\Example_Projects\acmi\pipelines\04_gold\product_performance_mv.yaml
2025-08-02 11:53:28,628 - lhp.core.orchestrator - DEBUG - Discovered flowgroup: revenue_by_region_mv (pipeline: gold_load) in C:\Users\FedAguirre\Fed_AA\Learning\MDDF-CURSOR\Lakehouse_Plumber\Example_Projects\acmi\pipelines\04_gold\revenue_by_region_mv.yaml
2025-08-02 11:53:28,629 - lhp.core.orchestrator - DEBUG - Discovered flowgroup: sales_summary_daily_mv (pipeline: gold_load) in C:\Users\FedAguirre\Fed_AA\Learning\MDDF-CURSOR\Lakehouse_Plumber\Example_Projects\acmi\pipelines\04_gold\sales_summary_daily_mv.yaml
2025-08-02 11:53:28,630 - lhp.core.orchestrator - DEBUG - Discovered flowgroup: sales_summary_monthly_mv (pipeline: gold_load) in C:\Users\FedAguirre\Fed_AA\Learning\MDDF-CURSOR\Lakehouse_Plumber\Example_Projects\acmi\pipelines\04_gold\sales_summary_monthly_mv.yaml
2025-08-02 11:53:28,630 - lhp.core.orchestrator - DEBUG - Found flowgroup 'customer_bronze' for pipeline 'bronze_load'
2025-08-02 11:53:28,630 - lhp.core.orchestrator - DEBUG - Found flowgroup 'lineitem_bronze' for pipeline 'bronze_load'
2025-08-02 11:53:28,630 - lhp.core.orchestrator - DEBUG - Found flowgroup 'nation_bronze' for pipeline 'bronze_load'
2025-08-02 11:53:28,630 - lhp.core.orchestrator - DEBUG - Found flowgroup 'orders_bronze' for pipeline 'bronze_load'
2025-08-02 11:53:28,630 - lhp.core.orchestrator - DEBUG - Found flowgroup 'partsupp_bronze' for pipeline 'bronze_load'
2025-08-02 11:53:28,630 - lhp.core.orchestrator - DEBUG - Found flowgroup 'part_bronze' for pipeline 'bronze_load'
2025-08-02 11:53:28,630 - lhp.core.orchestrator - DEBUG - Found flowgroup 'region_bronze' for pipeline 'bronze_load'
2025-08-02 11:53:28,630 - lhp.core.orchestrator - DEBUG - Found flowgroup 'supplier_bronze' for pipeline 'bronze_load'
2025-08-02 11:53:28,644 - lhp.core.orchestrator - DEBUG - Discovered flowgroup: customer_ingestion (pipeline: raw_ingestions) in C:\Users\FedAguirre\Fed_AA\Learning\MDDF-CURSOR\Lakehouse_Plumber\Example_Projects\acmi\pipelines\01_raw_ingestion\csv_ingestions\customer_ingestion.yaml
2025-08-02 11:53:28,645 - lhp.core.orchestrator - DEBUG - Discovered flowgroup: lineitem_ingestion (pipeline: raw_ingestions) in C:\Users\FedAguirre\Fed_AA\Learning\MDDF-CURSOR\Lakehouse_Plumber\Example_Projects\acmi\pipelines\01_raw_ingestion\json_ingestion\lineitem_ingestion.yaml
2025-08-02 11:53:28,645 - lhp.core.orchestrator - DEBUG - Discovered flowgroup: nation_ingestion (pipeline: raw_ingestions) in C:\Users\FedAguirre\Fed_AA\Learning\MDDF-CURSOR\Lakehouse_Plumber\Example_Projects\acmi\pipelines\01_raw_ingestion\parquet_ingestions\nation_ingestion.yaml
2025-08-02 11:53:28,646 - lhp.core.orchestrator - DEBUG - Discovered flowgroup: orders_ingestion (pipeline: raw_ingestions) in C:\Users\FedAguirre\Fed_AA\Learning\MDDF-CURSOR\Lakehouse_Plumber\Example_Projects\acmi\pipelines\01_raw_ingestion\parquet_ingestions\orders_ingestion.yaml
2025-08-02 11:53:28,647 - lhp.core.orchestrator - DEBUG - Discovered flowgroup: partsupp_ingestion (pipeline: raw_ingestions) in C:\Users\FedAguirre\Fed_AA\Learning\MDDF-CURSOR\Lakehouse_Plumber\Example_Projects\acmi\pipelines\01_raw_ingestion\parquet_ingestions\partsupp_ingestion.yaml
2025-08-02 11:53:28,647 - lhp.core.orchestrator - DEBUG - Discovered flowgroup: part_ingestion (pipeline: raw_ingestions) in C:\Users\FedAguirre\Fed_AA\Learning\MDDF-CURSOR\Lakehouse_Plumber\Example_Projects\acmi\pipelines\01_raw_ingestion\parquet_ingestions\part_ingestion.yaml
2025-08-02 11:53:28,648 - lhp.core.orchestrator - DEBUG - Discovered flowgroup: region_ingestion (pipeline: raw_ingestions) in C:\Users\FedAguirre\Fed_AA\Learning\MDDF-CURSOR\Lakehouse_Plumber\Example_Projects\acmi\pipelines\01_raw_ingestion\parquet_ingestions\region_ingestion.yaml
2025-08-02 11:53:28,648 - lhp.core.orchestrator - DEBUG - Discovered flowgroup: supplier_ingestion (pipeline: raw_ingestions) in C:\Users\FedAguirre\Fed_AA\Learning\MDDF-CURSOR\Lakehouse_Plumber\Example_Projects\acmi\pipelines\01_raw_ingestion\parquet_ingestions\supplier_ingestion.yaml
2025-08-02 11:53:28,651 - lhp.core.orchestrator - DEBUG - Discovered flowgroup: customer_bronze (pipeline: bronze_load) in C:\Users\FedAguirre\Fed_AA\Learning\MDDF-CURSOR\Lakehouse_Plumber\Example_Projects\acmi\pipelines\02_bronze\customer_bronze.yaml
2025-08-02 11:53:28,653 - lhp.core.orchestrator - DEBUG - Discovered flowgroup: lineitem_bronze (pipeline: bronze_load) in C:\Users\FedAguirre\Fed_AA\Learning\MDDF-CURSOR\Lakehouse_Plumber\Example_Projects\acmi\pipelines\02_bronze\lineitem_bronze.yaml
2025-08-02 11:53:28,655 - lhp.core.orchestrator - DEBUG - Discovered flowgroup: nation_bronze (pipeline: bronze_load) in C:\Users\FedAguirre\Fed_AA\Learning\MDDF-CURSOR\Lakehouse_Plumber\Example_Projects\acmi\pipelines\02_bronze\nation_bronze.yaml
2025-08-02 11:53:28,657 - lhp.core.orchestrator - DEBUG - Discovered flowgroup: orders_bronze (pipeline: bronze_load) in C:\Users\FedAguirre\Fed_AA\Learning\MDDF-CURSOR\Lakehouse_Plumber\Example_Projects\acmi\pipelines\02_bronze\orders_bronze.yaml
2025-08-02 11:53:28,658 - lhp.core.orchestrator - DEBUG - Discovered flowgroup: partsupp_bronze (pipeline: bronze_load) in C:\Users\FedAguirre\Fed_AA\Learning\MDDF-CURSOR\Lakehouse_Plumber\Example_Projects\acmi\pipelines\02_bronze\partsupp_bronze.yaml
2025-08-02 11:53:28,660 - lhp.core.orchestrator - DEBUG - Discovered flowgroup: part_bronze (pipeline: bronze_load) in C:\Users\FedAguirre\Fed_AA\Learning\MDDF-CURSOR\Lakehouse_Plumber\Example_Projects\acmi\pipelines\02_bronze\part_bronze.yaml
2025-08-02 11:53:28,662 - lhp.core.orchestrator - DEBUG - Discovered flowgroup: region_bronze (pipeline: bronze_load) in C:\Users\FedAguirre\Fed_AA\Learning\MDDF-CURSOR\Lakehouse_Plumber\Example_Projects\acmi\pipelines\02_bronze\region_bronze.yaml
2025-08-02 11:53:28,664 - lhp.core.orchestrator - DEBUG - Discovered flowgroup: supplier_bronze (pipeline: bronze_load) in C:\Users\FedAguirre\Fed_AA\Learning\MDDF-CURSOR\Lakehouse_Plumber\Example_Projects\acmi\pipelines\02_bronze\supplier_bronze.yaml
2025-08-02 11:53:28,666 - lhp.core.orchestrator - DEBUG - Discovered flowgroup: customer_silver_dim (pipeline: silver_load) in C:\Users\FedAguirre\Fed_AA\Learning\MDDF-CURSOR\Lakehouse_Plumber\Example_Projects\acmi\pipelines\03_silver\dim\customer_silver_dim.yaml
2025-08-02 11:53:28,668 - lhp.core.orchestrator - DEBUG - Discovered flowgroup: nation_silver_dim (pipeline: silver_load) in C:\Users\FedAguirre\Fed_AA\Learning\MDDF-CURSOR\Lakehouse_Plumber\Example_Projects\acmi\pipelines\03_silver\dim\nation_silver_dim.yaml
2025-08-02 11:53:28,669 - lhp.core.orchestrator - DEBUG - Discovered flowgroup: partsupp_silver_dim (pipeline: silver_load) in C:\Users\FedAguirre\Fed_AA\Learning\MDDF-CURSOR\Lakehouse_Plumber\Example_Projects\acmi\pipelines\03_silver\dim\partsupp_silver_dim.yaml
2025-08-02 11:53:28,670 - lhp.core.orchestrator - DEBUG - Discovered flowgroup: part_silver_dim (pipeline: silver_load) in C:\Users\FedAguirre\Fed_AA\Learning\MDDF-CURSOR\Lakehouse_Plumber\Example_Projects\acmi\pipelines\03_silver\dim\part_silver_dim.yaml
2025-08-02 11:53:28,670 - lhp.core.orchestrator - DEBUG - Discovered flowgroup: region_silver_dim (pipeline: silver_load) in C:\Users\FedAguirre\Fed_AA\Learning\MDDF-CURSOR\Lakehouse_Plumber\Example_Projects\acmi\pipelines\03_silver\dim\region_silver_dim.yaml
2025-08-02 11:53:28,675 - lhp.core.orchestrator - DEBUG - Discovered flowgroup: supplier_silver_dim (pipeline: silver_load) in C:\Users\FedAguirre\Fed_AA\Learning\MDDF-CURSOR\Lakehouse_Plumber\Example_Projects\acmi\pipelines\03_silver\dim\supplier_silver_dim.yaml
2025-08-02 11:53:28,677 - lhp.core.orchestrator - DEBUG - Discovered flowgroup: lineitem_silver_fct (pipeline: silver_load) in C:\Users\FedAguirre\Fed_AA\Learning\MDDF-CURSOR\Lakehouse_Plumber\Example_Projects\acmi\pipelines\03_silver\fct\lineitem_silver_fct.yaml
2025-08-02 11:53:28,678 - lhp.core.orchestrator - DEBUG - Discovered flowgroup: orders_silver_fct (pipeline: silver_load) in C:\Users\FedAguirre\Fed_AA\Learning\MDDF-CURSOR\Lakehouse_Plumber\Example_Projects\acmi\pipelines\03_silver\fct\orders_silver_fct.yaml
2025-08-02 11:53:28,678 - lhp.core.orchestrator - DEBUG - Discovered flowgroup: customer_lifetime_value (pipeline: gold_load) in C:\Users\FedAguirre\Fed_AA\Learning\MDDF-CURSOR\Lakehouse_Plumber\Example_Projects\acmi\pipelines\04_gold\customer_lifetime_value.yaml
2025-08-02 11:53:28,678 - lhp.core.orchestrator - DEBUG - Discovered flowgroup: customer_segmentation_mv (pipeline: gold_load) in C:\Users\FedAguirre\Fed_AA\Learning\MDDF-CURSOR\Lakehouse_Plumber\Example_Projects\acmi\pipelines\04_gold\customer_segmentation_mv.yaml
2025-08-02 11:53:28,678 - lhp.core.orchestrator - DEBUG - Discovered flowgroup: executive_dashboard_mv (pipeline: gold_load) in C:\Users\FedAguirre\Fed_AA\Learning\MDDF-CURSOR\Lakehouse_Plumber\Example_Projects\acmi\pipelines\04_gold\executive_dashboard_mv.yaml
2025-08-02 11:53:28,678 - lhp.core.orchestrator - DEBUG - Discovered flowgroup: product_performance_mv (pipeline: gold_load) in C:\Users\FedAguirre\Fed_AA\Learning\MDDF-CURSOR\Lakehouse_Plumber\Example_Projects\acmi\pipelines\04_gold\product_performance_mv.yaml
2025-08-02 11:53:28,678 - lhp.core.orchestrator - DEBUG - Discovered flowgroup: revenue_by_region_mv (pipeline: gold_load) in C:\Users\FedAguirre\Fed_AA\Learning\MDDF-CURSOR\Lakehouse_Plumber\Example_Projects\acmi\pipelines\04_gold\revenue_by_region_mv.yaml
2025-08-02 11:53:28,692 - lhp.core.orchestrator - DEBUG - Discovered flowgroup: sales_summary_daily_mv (pipeline: gold_load) in C:\Users\FedAguirre\Fed_AA\Learning\MDDF-CURSOR\Lakehouse_Plumber\Example_Projects\acmi\pipelines\04_gold\sales_summary_daily_mv.yaml
2025-08-02 11:53:28,692 - lhp.core.orchestrator - DEBUG - Discovered flowgroup: sales_summary_monthly_mv (pipeline: gold_load) in C:\Users\FedAguirre\Fed_AA\Learning\MDDF-CURSOR\Lakehouse_Plumber\Example_Projects\acmi\pipelines\04_gold\sales_summary_monthly_mv.yaml
2025-08-02 11:53:28,692 - lhp.core.orchestrator - DEBUG - Found flowgroup 'customer_lifetime_value' for pipeline 'gold_load'
2025-08-02 11:53:28,692 - lhp.core.orchestrator - DEBUG - Found flowgroup 'customer_segmentation_mv' for pipeline 'gold_load'
2025-08-02 11:53:28,692 - lhp.core.orchestrator - DEBUG - Found flowgroup 'executive_dashboard_mv' for pipeline 'gold_load'
2025-08-02 11:53:28,692 - lhp.core.orchestrator - DEBUG - Found flowgroup 'product_performance_mv' for pipeline 'gold_load'
2025-08-02 11:53:28,692 - lhp.core.orchestrator - DEBUG - Found flowgroup 'revenue_by_region_mv' for pipeline 'gold_load'
2025-08-02 11:53:28,692 - lhp.core.orchestrator - DEBUG - Found flowgroup 'sales_summary_daily_mv' for pipeline 'gold_load'
2025-08-02 11:53:28,692 - lhp.core.orchestrator - DEBUG - Found flowgroup 'sales_summary_monthly_mv' for pipeline 'gold_load'
2025-08-02 11:53:28,692 - lhp.core.orchestrator - DEBUG - Discovered flowgroup: customer_ingestion (pipeline: raw_ingestions) in C:\Users\FedAguirre\Fed_AA\Learning\MDDF-CURSOR\Lakehouse_Plumber\Example_Projects\acmi\pipelines\01_raw_ingestion\csv_ingestions\customer_ingestion.yaml
2025-08-02 11:53:28,692 - lhp.core.orchestrator - DEBUG - Discovered flowgroup: lineitem_ingestion (pipeline: raw_ingestions) in C:\Users\FedAguirre\Fed_AA\Learning\MDDF-CURSOR\Lakehouse_Plumber\Example_Projects\acmi\pipelines\01_raw_ingestion\json_ingestion\lineitem_ingestion.yaml
2025-08-02 11:53:28,692 - lhp.core.orchestrator - DEBUG - Discovered flowgroup: nation_ingestion (pipeline: raw_ingestions) in C:\Users\FedAguirre\Fed_AA\Learning\MDDF-CURSOR\Lakehouse_Plumber\Example_Projects\acmi\pipelines\01_raw_ingestion\parquet_ingestions\nation_ingestion.yaml
2025-08-02 11:53:28,692 - lhp.core.orchestrator - DEBUG - Discovered flowgroup: orders_ingestion (pipeline: raw_ingestions) in C:\Users\FedAguirre\Fed_AA\Learning\MDDF-CURSOR\Lakehouse_Plumber\Example_Projects\acmi\pipelines\01_raw_ingestion\parquet_ingestions\orders_ingestion.yaml
2025-08-02 11:53:28,692 - lhp.core.orchestrator - DEBUG - Discovered flowgroup: partsupp_ingestion (pipeline: raw_ingestions) in C:\Users\FedAguirre\Fed_AA\Learning\MDDF-CURSOR\Lakehouse_Plumber\Example_Projects\acmi\pipelines\01_raw_ingestion\parquet_ingestions\partsupp_ingestion.yaml
2025-08-02 11:53:28,692 - lhp.core.orchestrator - DEBUG - Discovered flowgroup: part_ingestion (pipeline: raw_ingestions) in C:\Users\FedAguirre\Fed_AA\Learning\MDDF-CURSOR\Lakehouse_Plumber\Example_Projects\acmi\pipelines\01_raw_ingestion\parquet_ingestions\part_ingestion.yaml
2025-08-02 11:53:28,692 - lhp.core.orchestrator - DEBUG - Discovered flowgroup: region_ingestion (pipeline: raw_ingestions) in C:\Users\FedAguirre\Fed_AA\Learning\MDDF-CURSOR\Lakehouse_Plumber\Example_Projects\acmi\pipelines\01_raw_ingestion\parquet_ingestions\region_ingestion.yaml
2025-08-02 11:53:28,692 - lhp.core.orchestrator - DEBUG - Discovered flowgroup: supplier_ingestion (pipeline: raw_ingestions) in C:\Users\FedAguirre\Fed_AA\Learning\MDDF-CURSOR\Lakehouse_Plumber\Example_Projects\acmi\pipelines\01_raw_ingestion\parquet_ingestions\supplier_ingestion.yaml
2025-08-02 11:53:28,692 - lhp.core.orchestrator - DEBUG - Discovered flowgroup: customer_bronze (pipeline: bronze_load) in C:\Users\FedAguirre\Fed_AA\Learning\MDDF-CURSOR\Lakehouse_Plumber\Example_Projects\acmi\pipelines\02_bronze\customer_bronze.yaml
2025-08-02 11:53:28,692 - lhp.core.orchestrator - DEBUG - Discovered flowgroup: lineitem_bronze (pipeline: bronze_load) in C:\Users\FedAguirre\Fed_AA\Learning\MDDF-CURSOR\Lakehouse_Plumber\Example_Projects\acmi\pipelines\02_bronze\lineitem_bronze.yaml
2025-08-02 11:53:28,708 - lhp.core.orchestrator - DEBUG - Discovered flowgroup: nation_bronze (pipeline: bronze_load) in C:\Users\FedAguirre\Fed_AA\Learning\MDDF-CURSOR\Lakehouse_Plumber\Example_Projects\acmi\pipelines\02_bronze\nation_bronze.yaml
2025-08-02 11:53:28,710 - lhp.core.orchestrator - DEBUG - Discovered flowgroup: orders_bronze (pipeline: bronze_load) in C:\Users\FedAguirre\Fed_AA\Learning\MDDF-CURSOR\Lakehouse_Plumber\Example_Projects\acmi\pipelines\02_bronze\orders_bronze.yaml
2025-08-02 11:53:28,712 - lhp.core.orchestrator - DEBUG - Discovered flowgroup: partsupp_bronze (pipeline: bronze_load) in C:\Users\FedAguirre\Fed_AA\Learning\MDDF-CURSOR\Lakehouse_Plumber\Example_Projects\acmi\pipelines\02_bronze\partsupp_bronze.yaml
2025-08-02 11:53:28,714 - lhp.core.orchestrator - DEBUG - Discovered flowgroup: part_bronze (pipeline: bronze_load) in C:\Users\FedAguirre\Fed_AA\Learning\MDDF-CURSOR\Lakehouse_Plumber\Example_Projects\acmi\pipelines\02_bronze\part_bronze.yaml
2025-08-02 11:53:28,715 - lhp.core.orchestrator - DEBUG - Discovered flowgroup: region_bronze (pipeline: bronze_load) in C:\Users\FedAguirre\Fed_AA\Learning\MDDF-CURSOR\Lakehouse_Plumber\Example_Projects\acmi\pipelines\02_bronze\region_bronze.yaml
2025-08-02 11:53:28,717 - lhp.core.orchestrator - DEBUG - Discovered flowgroup: supplier_bronze (pipeline: bronze_load) in C:\Users\FedAguirre\Fed_AA\Learning\MDDF-CURSOR\Lakehouse_Plumber\Example_Projects\acmi\pipelines\02_bronze\supplier_bronze.yaml
2025-08-02 11:53:28,719 - lhp.core.orchestrator - DEBUG - Discovered flowgroup: customer_silver_dim (pipeline: silver_load) in C:\Users\FedAguirre\Fed_AA\Learning\MDDF-CURSOR\Lakehouse_Plumber\Example_Projects\acmi\pipelines\03_silver\dim\customer_silver_dim.yaml
2025-08-02 11:53:28,720 - lhp.core.orchestrator - DEBUG - Discovered flowgroup: nation_silver_dim (pipeline: silver_load) in C:\Users\FedAguirre\Fed_AA\Learning\MDDF-CURSOR\Lakehouse_Plumber\Example_Projects\acmi\pipelines\03_silver\dim\nation_silver_dim.yaml
2025-08-02 11:53:28,722 - lhp.core.orchestrator - DEBUG - Discovered flowgroup: partsupp_silver_dim (pipeline: silver_load) in C:\Users\FedAguirre\Fed_AA\Learning\MDDF-CURSOR\Lakehouse_Plumber\Example_Projects\acmi\pipelines\03_silver\dim\partsupp_silver_dim.yaml
2025-08-02 11:53:28,724 - lhp.core.orchestrator - DEBUG - Discovered flowgroup: part_silver_dim (pipeline: silver_load) in C:\Users\FedAguirre\Fed_AA\Learning\MDDF-CURSOR\Lakehouse_Plumber\Example_Projects\acmi\pipelines\03_silver\dim\part_silver_dim.yaml
2025-08-02 11:53:28,726 - lhp.core.orchestrator - DEBUG - Discovered flowgroup: region_silver_dim (pipeline: silver_load) in C:\Users\FedAguirre\Fed_AA\Learning\MDDF-CURSOR\Lakehouse_Plumber\Example_Projects\acmi\pipelines\03_silver\dim\region_silver_dim.yaml
2025-08-02 11:53:28,727 - lhp.core.orchestrator - DEBUG - Discovered flowgroup: supplier_silver_dim (pipeline: silver_load) in C:\Users\FedAguirre\Fed_AA\Learning\MDDF-CURSOR\Lakehouse_Plumber\Example_Projects\acmi\pipelines\03_silver\dim\supplier_silver_dim.yaml
2025-08-02 11:53:28,730 - lhp.core.orchestrator - DEBUG - Discovered flowgroup: lineitem_silver_fct (pipeline: silver_load) in C:\Users\FedAguirre\Fed_AA\Learning\MDDF-CURSOR\Lakehouse_Plumber\Example_Projects\acmi\pipelines\03_silver\fct\lineitem_silver_fct.yaml
2025-08-02 11:53:28,732 - lhp.core.orchestrator - DEBUG - Discovered flowgroup: orders_silver_fct (pipeline: silver_load) in C:\Users\FedAguirre\Fed_AA\Learning\MDDF-CURSOR\Lakehouse_Plumber\Example_Projects\acmi\pipelines\03_silver\fct\orders_silver_fct.yaml
2025-08-02 11:53:28,732 - lhp.core.orchestrator - DEBUG - Discovered flowgroup: customer_lifetime_value (pipeline: gold_load) in C:\Users\FedAguirre\Fed_AA\Learning\MDDF-CURSOR\Lakehouse_Plumber\Example_Projects\acmi\pipelines\04_gold\customer_lifetime_value.yaml
2025-08-02 11:53:28,732 - lhp.core.orchestrator - DEBUG - Discovered flowgroup: customer_segmentation_mv (pipeline: gold_load) in C:\Users\FedAguirre\Fed_AA\Learning\MDDF-CURSOR\Lakehouse_Plumber\Example_Projects\acmi\pipelines\04_gold\customer_segmentation_mv.yaml
2025-08-02 11:53:28,742 - lhp.core.orchestrator - DEBUG - Discovered flowgroup: executive_dashboard_mv (pipeline: gold_load) in C:\Users\FedAguirre\Fed_AA\Learning\MDDF-CURSOR\Lakehouse_Plumber\Example_Projects\acmi\pipelines\04_gold\executive_dashboard_mv.yaml
2025-08-02 11:53:28,742 - lhp.core.orchestrator - DEBUG - Discovered flowgroup: product_performance_mv (pipeline: gold_load) in C:\Users\FedAguirre\Fed_AA\Learning\MDDF-CURSOR\Lakehouse_Plumber\Example_Projects\acmi\pipelines\04_gold\product_performance_mv.yaml
2025-08-02 11:53:28,742 - lhp.core.orchestrator - DEBUG - Discovered flowgroup: revenue_by_region_mv (pipeline: gold_load) in C:\Users\FedAguirre\Fed_AA\Learning\MDDF-CURSOR\Lakehouse_Plumber\Example_Projects\acmi\pipelines\04_gold\revenue_by_region_mv.yaml
2025-08-02 11:53:28,742 - lhp.core.orchestrator - DEBUG - Discovered flowgroup: sales_summary_daily_mv (pipeline: gold_load) in C:\Users\FedAguirre\Fed_AA\Learning\MDDF-CURSOR\Lakehouse_Plumber\Example_Projects\acmi\pipelines\04_gold\sales_summary_daily_mv.yaml
2025-08-02 11:53:28,742 - lhp.core.orchestrator - DEBUG - Discovered flowgroup: sales_summary_monthly_mv (pipeline: gold_load) in C:\Users\FedAguirre\Fed_AA\Learning\MDDF-CURSOR\Lakehouse_Plumber\Example_Projects\acmi\pipelines\04_gold\sales_summary_monthly_mv.yaml
2025-08-02 11:53:28,742 - lhp.core.orchestrator - DEBUG - Found flowgroup 'customer_ingestion' for pipeline 'raw_ingestions'
2025-08-02 11:53:28,742 - lhp.core.orchestrator - DEBUG - Found flowgroup 'lineitem_ingestion' for pipeline 'raw_ingestions'
2025-08-02 11:53:28,742 - lhp.core.orchestrator - DEBUG - Found flowgroup 'nation_ingestion' for pipeline 'raw_ingestions'
2025-08-02 11:53:28,742 - lhp.core.orchestrator - DEBUG - Found flowgroup 'orders_ingestion' for pipeline 'raw_ingestions'
2025-08-02 11:53:28,742 - lhp.core.orchestrator - DEBUG - Found flowgroup 'partsupp_ingestion' for pipeline 'raw_ingestions'
2025-08-02 11:53:28,742 - lhp.core.orchestrator - DEBUG - Found flowgroup 'part_ingestion' for pipeline 'raw_ingestions'
2025-08-02 11:53:28,742 - lhp.core.orchestrator - DEBUG - Found flowgroup 'region_ingestion' for pipeline 'raw_ingestions'
2025-08-02 11:53:28,742 - lhp.core.orchestrator - DEBUG - Found flowgroup 'supplier_ingestion' for pipeline 'raw_ingestions'
2025-08-02 11:53:28,768 - lhp.core.orchestrator - DEBUG - Discovered flowgroup: customer_ingestion (pipeline: raw_ingestions) in C:\Users\FedAguirre\Fed_AA\Learning\MDDF-CURSOR\Lakehouse_Plumber\Example_Projects\acmi\pipelines\01_raw_ingestion\csv_ingestions\customer_ingestion.yaml
2025-08-02 11:53:28,769 - lhp.core.orchestrator - DEBUG - Discovered flowgroup: lineitem_ingestion (pipeline: raw_ingestions) in C:\Users\FedAguirre\Fed_AA\Learning\MDDF-CURSOR\Lakehouse_Plumber\Example_Projects\acmi\pipelines\01_raw_ingestion\json_ingestion\lineitem_ingestion.yaml
2025-08-02 11:53:28,770 - lhp.core.orchestrator - DEBUG - Discovered flowgroup: nation_ingestion (pipeline: raw_ingestions) in C:\Users\FedAguirre\Fed_AA\Learning\MDDF-CURSOR\Lakehouse_Plumber\Example_Projects\acmi\pipelines\01_raw_ingestion\parquet_ingestions\nation_ingestion.yaml
2025-08-02 11:53:28,770 - lhp.core.orchestrator - DEBUG - Discovered flowgroup: orders_ingestion (pipeline: raw_ingestions) in C:\Users\FedAguirre\Fed_AA\Learning\MDDF-CURSOR\Lakehouse_Plumber\Example_Projects\acmi\pipelines\01_raw_ingestion\parquet_ingestions\orders_ingestion.yaml
2025-08-02 11:53:28,771 - lhp.core.orchestrator - DEBUG - Discovered flowgroup: partsupp_ingestion (pipeline: raw_ingestions) in C:\Users\FedAguirre\Fed_AA\Learning\MDDF-CURSOR\Lakehouse_Plumber\Example_Projects\acmi\pipelines\01_raw_ingestion\parquet_ingestions\partsupp_ingestion.yaml
2025-08-02 11:53:28,771 - lhp.core.orchestrator - DEBUG - Discovered flowgroup: part_ingestion (pipeline: raw_ingestions) in C:\Users\FedAguirre\Fed_AA\Learning\MDDF-CURSOR\Lakehouse_Plumber\Example_Projects\acmi\pipelines\01_raw_ingestion\parquet_ingestions\part_ingestion.yaml
2025-08-02 11:53:28,772 - lhp.core.orchestrator - DEBUG - Discovered flowgroup: region_ingestion (pipeline: raw_ingestions) in C:\Users\FedAguirre\Fed_AA\Learning\MDDF-CURSOR\Lakehouse_Plumber\Example_Projects\acmi\pipelines\01_raw_ingestion\parquet_ingestions\region_ingestion.yaml
2025-08-02 11:53:28,773 - lhp.core.orchestrator - DEBUG - Discovered flowgroup: supplier_ingestion (pipeline: raw_ingestions) in C:\Users\FedAguirre\Fed_AA\Learning\MDDF-CURSOR\Lakehouse_Plumber\Example_Projects\acmi\pipelines\01_raw_ingestion\parquet_ingestions\supplier_ingestion.yaml
2025-08-02 11:53:28,776 - lhp.core.orchestrator - DEBUG - Discovered flowgroup: customer_bronze (pipeline: bronze_load) in C:\Users\FedAguirre\Fed_AA\Learning\MDDF-CURSOR\Lakehouse_Plumber\Example_Projects\acmi\pipelines\02_bronze\customer_bronze.yaml
2025-08-02 11:53:28,779 - lhp.core.orchestrator - DEBUG - Discovered flowgroup: lineitem_bronze (pipeline: bronze_load) in C:\Users\FedAguirre\Fed_AA\Learning\MDDF-CURSOR\Lakehouse_Plumber\Example_Projects\acmi\pipelines\02_bronze\lineitem_bronze.yaml
2025-08-02 11:53:28,780 - lhp.core.orchestrator - DEBUG - Discovered flowgroup: nation_bronze (pipeline: bronze_load) in C:\Users\FedAguirre\Fed_AA\Learning\MDDF-CURSOR\Lakehouse_Plumber\Example_Projects\acmi\pipelines\02_bronze\nation_bronze.yaml
2025-08-02 11:53:28,780 - lhp.core.orchestrator - DEBUG - Discovered flowgroup: orders_bronze (pipeline: bronze_load) in C:\Users\FedAguirre\Fed_AA\Learning\MDDF-CURSOR\Lakehouse_Plumber\Example_Projects\acmi\pipelines\02_bronze\orders_bronze.yaml
2025-08-02 11:53:28,780 - lhp.core.orchestrator - DEBUG - Discovered flowgroup: partsupp_bronze (pipeline: bronze_load) in C:\Users\FedAguirre\Fed_AA\Learning\MDDF-CURSOR\Lakehouse_Plumber\Example_Projects\acmi\pipelines\02_bronze\partsupp_bronze.yaml
2025-08-02 11:53:28,780 - lhp.core.orchestrator - DEBUG - Discovered flowgroup: part_bronze (pipeline: bronze_load) in C:\Users\FedAguirre\Fed_AA\Learning\MDDF-CURSOR\Lakehouse_Plumber\Example_Projects\acmi\pipelines\02_bronze\part_bronze.yaml
2025-08-02 11:53:28,780 - lhp.core.orchestrator - DEBUG - Discovered flowgroup: region_bronze (pipeline: bronze_load) in C:\Users\FedAguirre\Fed_AA\Learning\MDDF-CURSOR\Lakehouse_Plumber\Example_Projects\acmi\pipelines\02_bronze\region_bronze.yaml
2025-08-02 11:53:28,780 - lhp.core.orchestrator - DEBUG - Discovered flowgroup: supplier_bronze (pipeline: bronze_load) in C:\Users\FedAguirre\Fed_AA\Learning\MDDF-CURSOR\Lakehouse_Plumber\Example_Projects\acmi\pipelines\02_bronze\supplier_bronze.yaml
2025-08-02 11:53:28,792 - lhp.core.orchestrator - DEBUG - Discovered flowgroup: customer_silver_dim (pipeline: silver_load) in C:\Users\FedAguirre\Fed_AA\Learning\MDDF-CURSOR\Lakehouse_Plumber\Example_Projects\acmi\pipelines\03_silver\dim\customer_silver_dim.yaml
2025-08-02 11:53:28,794 - lhp.core.orchestrator - DEBUG - Discovered flowgroup: nation_silver_dim (pipeline: silver_load) in C:\Users\FedAguirre\Fed_AA\Learning\MDDF-CURSOR\Lakehouse_Plumber\Example_Projects\acmi\pipelines\03_silver\dim\nation_silver_dim.yaml
2025-08-02 11:53:28,796 - lhp.core.orchestrator - DEBUG - Discovered flowgroup: partsupp_silver_dim (pipeline: silver_load) in C:\Users\FedAguirre\Fed_AA\Learning\MDDF-CURSOR\Lakehouse_Plumber\Example_Projects\acmi\pipelines\03_silver\dim\partsupp_silver_dim.yaml
2025-08-02 11:53:28,797 - lhp.core.orchestrator - DEBUG - Discovered flowgroup: part_silver_dim (pipeline: silver_load) in C:\Users\FedAguirre\Fed_AA\Learning\MDDF-CURSOR\Lakehouse_Plumber\Example_Projects\acmi\pipelines\03_silver\dim\part_silver_dim.yaml
2025-08-02 11:53:28,798 - lhp.core.orchestrator - DEBUG - Discovered flowgroup: region_silver_dim (pipeline: silver_load) in C:\Users\FedAguirre\Fed_AA\Learning\MDDF-CURSOR\Lakehouse_Plumber\Example_Projects\acmi\pipelines\03_silver\dim\region_silver_dim.yaml
2025-08-02 11:53:28,798 - lhp.core.orchestrator - DEBUG - Discovered flowgroup: supplier_silver_dim (pipeline: silver_load) in C:\Users\FedAguirre\Fed_AA\Learning\MDDF-CURSOR\Lakehouse_Plumber\Example_Projects\acmi\pipelines\03_silver\dim\supplier_silver_dim.yaml
2025-08-02 11:53:28,798 - lhp.core.orchestrator - DEBUG - Discovered flowgroup: lineitem_silver_fct (pipeline: silver_load) in C:\Users\FedAguirre\Fed_AA\Learning\MDDF-CURSOR\Lakehouse_Plumber\Example_Projects\acmi\pipelines\03_silver\fct\lineitem_silver_fct.yaml
2025-08-02 11:53:28,798 - lhp.core.orchestrator - DEBUG - Discovered flowgroup: orders_silver_fct (pipeline: silver_load) in C:\Users\FedAguirre\Fed_AA\Learning\MDDF-CURSOR\Lakehouse_Plumber\Example_Projects\acmi\pipelines\03_silver\fct\orders_silver_fct.yaml
2025-08-02 11:53:28,798 - lhp.core.orchestrator - DEBUG - Discovered flowgroup: customer_lifetime_value (pipeline: gold_load) in C:\Users\FedAguirre\Fed_AA\Learning\MDDF-CURSOR\Lakehouse_Plumber\Example_Projects\acmi\pipelines\04_gold\customer_lifetime_value.yaml
2025-08-02 11:53:28,798 - lhp.core.orchestrator - DEBUG - Discovered flowgroup: customer_segmentation_mv (pipeline: gold_load) in C:\Users\FedAguirre\Fed_AA\Learning\MDDF-CURSOR\Lakehouse_Plumber\Example_Projects\acmi\pipelines\04_gold\customer_segmentation_mv.yaml
2025-08-02 11:53:28,812 - lhp.core.orchestrator - DEBUG - Discovered flowgroup: executive_dashboard_mv (pipeline: gold_load) in C:\Users\FedAguirre\Fed_AA\Learning\MDDF-CURSOR\Lakehouse_Plumber\Example_Projects\acmi\pipelines\04_gold\executive_dashboard_mv.yaml
2025-08-02 11:53:28,812 - lhp.core.orchestrator - DEBUG - Discovered flowgroup: product_performance_mv (pipeline: gold_load) in C:\Users\FedAguirre\Fed_AA\Learning\MDDF-CURSOR\Lakehouse_Plumber\Example_Projects\acmi\pipelines\04_gold\product_performance_mv.yaml
2025-08-02 11:53:28,812 - lhp.core.orchestrator - DEBUG - Discovered flowgroup: revenue_by_region_mv (pipeline: gold_load) in C:\Users\FedAguirre\Fed_AA\Learning\MDDF-CURSOR\Lakehouse_Plumber\Example_Projects\acmi\pipelines\04_gold\revenue_by_region_mv.yaml
2025-08-02 11:53:28,812 - lhp.core.orchestrator - DEBUG - Discovered flowgroup: sales_summary_daily_mv (pipeline: gold_load) in C:\Users\FedAguirre\Fed_AA\Learning\MDDF-CURSOR\Lakehouse_Plumber\Example_Projects\acmi\pipelines\04_gold\sales_summary_daily_mv.yaml
2025-08-02 11:53:28,812 - lhp.core.orchestrator - DEBUG - Discovered flowgroup: sales_summary_monthly_mv (pipeline: gold_load) in C:\Users\FedAguirre\Fed_AA\Learning\MDDF-CURSOR\Lakehouse_Plumber\Example_Projects\acmi\pipelines\04_gold\sales_summary_monthly_mv.yaml
2025-08-02 11:53:28,812 - lhp.core.orchestrator - DEBUG - Found flowgroup 'customer_silver_dim' for pipeline 'silver_load'
2025-08-02 11:53:28,812 - lhp.core.orchestrator - DEBUG - Found flowgroup 'nation_silver_dim' for pipeline 'silver_load'
2025-08-02 11:53:28,812 - lhp.core.orchestrator - DEBUG - Found flowgroup 'partsupp_silver_dim' for pipeline 'silver_load'
2025-08-02 11:53:28,812 - lhp.core.orchestrator - DEBUG - Found flowgroup 'part_silver_dim' for pipeline 'silver_load'
2025-08-02 11:53:28,812 - lhp.core.orchestrator - DEBUG - Found flowgroup 'region_silver_dim' for pipeline 'silver_load'
2025-08-02 11:53:28,812 - lhp.core.orchestrator - DEBUG - Found flowgroup 'supplier_silver_dim' for pipeline 'silver_load'
2025-08-02 11:53:28,812 - lhp.core.orchestrator - DEBUG - Found flowgroup 'lineitem_silver_fct' for pipeline 'silver_load'
2025-08-02 11:53:28,812 - lhp.core.orchestrator - DEBUG - Found flowgroup 'orders_silver_fct' for pipeline 'silver_load'
