2025-08-02 21:52:39,723 - __main__ - INFO - Logging initialized - File: C:\Users\FedAguirre\Fed_AA\Learning\MDDF-CURSOR\Lakehouse_Plumber\Example_Projects\my_lakehouse_project\.lhp\logs\lhp.log, Console level: WARNING
2025-08-02 21:52:39,729 - lhp.core.template_engine - INFO - Loading 1 templates from C:\Users\FedAguirre\Fed_AA\Learning\MDDF-CURSOR\Lakehouse_Plumber\Example_Projects\my_lakehouse_project\templates
2025-08-02 21:52:39,735 - lhp.core.template_engine - DEBUG - Loaded template: csv_ingestion_template
2025-08-02 21:52:39,737 - lhp.core.project_config_loader - INFO - Loaded project configuration from C:\Users\FedAguirre\Fed_AA\Learning\MDDF-CURSOR\Lakehouse_Plumber\Example_Projects\my_lakehouse_project\lhp.yaml
2025-08-02 21:52:39,737 - lhp.core.orchestrator - INFO - Initialized ActionOrchestrator with project root: C:\Users\FedAguirre\Fed_AA\Learning\MDDF-CURSOR\Lakehouse_Plumber\Example_Projects\my_lakehouse_project
2025-08-02 21:52:39,737 - lhp.core.orchestrator - INFO - Loaded project configuration: my_lakehouse_project v1.0
2025-08-02 21:52:39,737 - lhp.core.template_engine - INFO - Loading 1 templates from C:\Users\FedAguirre\Fed_AA\Learning\MDDF-CURSOR\Lakehouse_Plumber\Example_Projects\my_lakehouse_project\templates
2025-08-02 21:52:39,743 - lhp.core.template_engine - DEBUG - Loaded template: csv_ingestion_template
2025-08-02 21:52:39,743 - lhp.core.state_manager - INFO - Loaded state from C:\Users\FedAguirre\Fed_AA\Learning\MDDF-CURSOR\Lakehouse_Plumber\Example_Projects\my_lakehouse_project\.lhp_state.json
2025-08-02 21:52:39,745 - lhp.core.orchestrator - DEBUG - Discovered flowgroup: nation_ingestion_custom_python (pipeline: raw_ingestions) in C:\Users\FedAguirre\Fed_AA\Learning\MDDF-CURSOR\Lakehouse_Plumber\Example_Projects\my_lakehouse_project\pipelines\01_raw_ingestion\custom_ingestion\nation_ingestion.yaml
2025-08-02 21:52:39,748 - lhp.core.orchestrator - DEBUG - Discovered flowgroup: nation_bronze (pipeline: bronze_load) in C:\Users\FedAguirre\Fed_AA\Learning\MDDF-CURSOR\Lakehouse_Plumber\Example_Projects\my_lakehouse_project\pipelines\02_bronze\nation_bronze.yaml
2025-08-02 21:52:39,751 - lhp.core.orchestrator - DEBUG - Discovered flowgroup: sink_examples (pipeline: bronze_load) in C:\Users\FedAguirre\Fed_AA\Learning\MDDF-CURSOR\Lakehouse_Plumber\Example_Projects\my_lakehouse_project\pipelines\02_bronze\sink_examples.yaml
2025-08-02 21:52:39,753 - lhp.core.project_config_loader - INFO - Loaded project configuration from C:\Users\FedAguirre\Fed_AA\Learning\MDDF-CURSOR\Lakehouse_Plumber\Example_Projects\my_lakehouse_project\lhp.yaml
2025-08-02 21:52:39,780 - lhp.core.state_manager - DEBUG - Substitution file changed for dev
2025-08-02 21:52:39,781 - lhp.core.state_manager - DEBUG - Substitution file changed for dev
2025-08-02 21:52:39,781 - lhp.core.state_manager - DEBUG - Global dependencies changed for dev - marking all files as stale
2025-08-02 21:52:39,783 - lhp.core.project_config_loader - INFO - Loaded project configuration from C:\Users\FedAguirre\Fed_AA\Learning\MDDF-CURSOR\Lakehouse_Plumber\Example_Projects\my_lakehouse_project\lhp.yaml
2025-08-02 21:52:39,793 - lhp.core.state_manager - DEBUG - Substitution file changed for dev
2025-08-02 21:52:39,793 - lhp.core.state_manager - DEBUG - Global dependencies changed for dev - marking all files as stale
2025-08-02 21:52:39,798 - lhp.core.project_config_loader - INFO - Loaded project configuration from C:\Users\FedAguirre\Fed_AA\Learning\MDDF-CURSOR\Lakehouse_Plumber\Example_Projects\my_lakehouse_project\lhp.yaml
2025-08-02 21:52:39,806 - lhp.core.orchestrator - INFO - Starting pipeline generation by field: bronze_load for env: dev
2025-08-02 21:52:39,808 - lhp.core.orchestrator - DEBUG - Discovered flowgroup: nation_ingestion_custom_python (pipeline: raw_ingestions) in C:\Users\FedAguirre\Fed_AA\Learning\MDDF-CURSOR\Lakehouse_Plumber\Example_Projects\my_lakehouse_project\pipelines\01_raw_ingestion\custom_ingestion\nation_ingestion.yaml
2025-08-02 21:52:39,811 - lhp.core.orchestrator - DEBUG - Discovered flowgroup: nation_bronze (pipeline: bronze_load) in C:\Users\FedAguirre\Fed_AA\Learning\MDDF-CURSOR\Lakehouse_Plumber\Example_Projects\my_lakehouse_project\pipelines\02_bronze\nation_bronze.yaml
2025-08-02 21:52:39,813 - lhp.core.orchestrator - DEBUG - Discovered flowgroup: sink_examples (pipeline: bronze_load) in C:\Users\FedAguirre\Fed_AA\Learning\MDDF-CURSOR\Lakehouse_Plumber\Example_Projects\my_lakehouse_project\pipelines\02_bronze\sink_examples.yaml
2025-08-02 21:52:39,813 - lhp.core.orchestrator - DEBUG - Found flowgroup 'nation_bronze' for pipeline 'bronze_load'
2025-08-02 21:52:39,813 - lhp.core.orchestrator - DEBUG - Found flowgroup 'sink_examples' for pipeline 'bronze_load'
2025-08-02 21:52:39,817 - lhp.core.orchestrator - DEBUG - Discovered flowgroup: nation_ingestion_custom_python (pipeline: raw_ingestions) in C:\Users\FedAguirre\Fed_AA\Learning\MDDF-CURSOR\Lakehouse_Plumber\Example_Projects\my_lakehouse_project\pipelines\01_raw_ingestion\custom_ingestion\nation_ingestion.yaml
2025-08-02 21:52:39,820 - lhp.core.orchestrator - DEBUG - Discovered flowgroup: nation_bronze (pipeline: bronze_load) in C:\Users\FedAguirre\Fed_AA\Learning\MDDF-CURSOR\Lakehouse_Plumber\Example_Projects\my_lakehouse_project\pipelines\02_bronze\nation_bronze.yaml
2025-08-02 21:52:39,823 - lhp.core.orchestrator - DEBUG - Discovered flowgroup: sink_examples (pipeline: bronze_load) in C:\Users\FedAguirre\Fed_AA\Learning\MDDF-CURSOR\Lakehouse_Plumber\Example_Projects\my_lakehouse_project\pipelines\02_bronze\sink_examples.yaml
2025-08-02 21:52:39,823 - lhp.core.state_manager - DEBUG - Substitution file changed for dev
2025-08-02 21:52:39,823 - lhp.core.state_manager - DEBUG - Global dependencies changed for dev - marking all files as stale
2025-08-02 21:52:39,823 - lhp.core.project_config_loader - INFO - Loaded project configuration from C:\Users\FedAguirre\Fed_AA\Learning\MDDF-CURSOR\Lakehouse_Plumber\Example_Projects\my_lakehouse_project\lhp.yaml
2025-08-02 21:52:39,836 - lhp.core.state_manager - DEBUG - Substitution file changed for dev
2025-08-02 21:52:39,836 - lhp.core.orchestrator - INFO - Global dependency changes detected: ['Substitution file (substitutions/dev.yaml) changed']
2025-08-02 21:52:39,836 - lhp.core.orchestrator - DEBUG - File generated\bronze_load\custom_python_functions\__init__.py is stale due to: ['Substitution file (substitutions/dev.yaml) changed']
2025-08-02 21:52:39,836 - lhp.core.orchestrator - DEBUG - File generated\bronze_load\custom_python_functions\nation_transforms.py is stale due to: ['Substitution file (substitutions/dev.yaml) changed']
2025-08-02 21:52:39,836 - lhp.core.orchestrator - DEBUG - File generated\bronze_load\custom_python_functions\transformations_nation_transforms.py is stale due to: ['Substitution file (substitutions/dev.yaml) changed']
2025-08-02 21:52:39,836 - lhp.core.orchestrator - DEBUG - File generated\bronze_load\nation_bronze.py is stale due to: ['Substitution file (substitutions/dev.yaml) changed']
2025-08-02 21:52:39,836 - lhp.core.orchestrator - DEBUG - File generated\bronze_load\sink_examples.py is stale due to: ['Substitution file (substitutions/dev.yaml) changed']
2025-08-02 21:52:39,836 - lhp.core.orchestrator - DEBUG - File generated\bronze_load\transformations\__init__.py is stale due to: ['Substitution file (substitutions/dev.yaml) changed']
2025-08-02 21:52:39,836 - lhp.core.orchestrator - DEBUG - File generated\bronze_load\transformations\nation_transforms.py is stale due to: ['Substitution file (substitutions/dev.yaml) changed']
2025-08-02 21:52:39,836 - lhp.core.orchestrator - INFO - Smart generation: processing 2/3 flowgroups
2025-08-02 21:52:39,837 - lhp.core.orchestrator - INFO - Processing flowgroup: nation_bronze
2025-08-02 21:52:39,850 - lhp.utils.python_file_manager - INFO - Copied C:\Users\FedAguirre\Fed_AA\Learning\MDDF-CURSOR\Lakehouse_Plumber\Example_Projects\my_lakehouse_project\transformations\nation_transforms.py to C:\Users\FedAguirre\Fed_AA\Learning\MDDF-CURSOR\Lakehouse_Plumber\Example_Projects\my_lakehouse_project\generated\bronze_load\transformations\nation_transforms.py
2025-08-02 21:52:39,856 - lhp.core.state_dependency_resolver - DEBUG - Resolved 0 dependencies for pipelines\02_bronze\nation_bronze.yaml
2025-08-02 21:52:39,856 - lhp.core.state_manager - DEBUG - Updated global dependencies for environment: dev
2025-08-02 21:52:39,856 - lhp.core.state_manager - DEBUG - Tracked generated file: generated\bronze_load\transformations\nation_transforms.py from pipelines\02_bronze\nation_bronze.yaml with 0 dependencies
2025-08-02 21:52:39,886 - lhp.utils.smart_file_writer - DEBUG - Skipping C:\Users\FedAguirre\Fed_AA\Learning\MDDF-CURSOR\Lakehouse_Plumber\Example_Projects\my_lakehouse_project\generated\bronze_load\nation_bronze.py (no changes)
2025-08-02 21:52:39,889 - lhp.core.state_dependency_resolver - DEBUG - Resolved 0 dependencies for pipelines\02_bronze\nation_bronze.yaml
2025-08-02 21:52:39,889 - lhp.core.state_manager - DEBUG - Updated global dependencies for environment: dev
2025-08-02 21:52:39,889 - lhp.core.state_manager - DEBUG - Tracked generated file: generated\bronze_load\nation_bronze.py from pipelines\02_bronze\nation_bronze.yaml with 0 dependencies
2025-08-02 21:52:39,889 - lhp.core.orchestrator - INFO - Generated: C:\Users\FedAguirre\Fed_AA\Learning\MDDF-CURSOR\Lakehouse_Plumber\Example_Projects\my_lakehouse_project\generated\bronze_load\nation_bronze.py
2025-08-02 21:52:39,889 - lhp.core.orchestrator - INFO - Processing flowgroup: sink_examples
2025-08-02 21:52:39,899 - lhp.utils.smart_file_writer - DEBUG - Skipping C:\Users\FedAguirre\Fed_AA\Learning\MDDF-CURSOR\Lakehouse_Plumber\Example_Projects\my_lakehouse_project\generated\bronze_load\sink_examples.py (no changes)
2025-08-02 21:52:39,901 - lhp.core.state_dependency_resolver - DEBUG - Resolved 0 dependencies for pipelines\02_bronze\sink_examples.yaml
2025-08-02 21:52:39,903 - lhp.core.state_manager - DEBUG - Updated global dependencies for environment: dev
2025-08-02 21:52:39,903 - lhp.core.state_manager - DEBUG - Tracked generated file: generated\bronze_load\sink_examples.py from pipelines\02_bronze\sink_examples.yaml with 0 dependencies
2025-08-02 21:52:39,903 - lhp.core.orchestrator - INFO - Generated: C:\Users\FedAguirre\Fed_AA\Learning\MDDF-CURSOR\Lakehouse_Plumber\Example_Projects\my_lakehouse_project\generated\bronze_load\sink_examples.py
2025-08-02 21:52:39,904 - lhp.core.state_manager - DEBUG - Saved state to C:\Users\FedAguirre\Fed_AA\Learning\MDDF-CURSOR\Lakehouse_Plumber\Example_Projects\my_lakehouse_project\.lhp_state.json
2025-08-02 21:52:39,904 - lhp.core.orchestrator - INFO - Pipeline generation complete: bronze_load
2025-08-02 21:52:39,905 - lhp.core.orchestrator - INFO - Starting pipeline generation by field: raw_ingestions for env: dev
2025-08-02 21:52:39,907 - lhp.core.orchestrator - DEBUG - Discovered flowgroup: nation_ingestion_custom_python (pipeline: raw_ingestions) in C:\Users\FedAguirre\Fed_AA\Learning\MDDF-CURSOR\Lakehouse_Plumber\Example_Projects\my_lakehouse_project\pipelines\01_raw_ingestion\custom_ingestion\nation_ingestion.yaml
2025-08-02 21:52:39,910 - lhp.core.orchestrator - DEBUG - Discovered flowgroup: nation_bronze (pipeline: bronze_load) in C:\Users\FedAguirre\Fed_AA\Learning\MDDF-CURSOR\Lakehouse_Plumber\Example_Projects\my_lakehouse_project\pipelines\02_bronze\nation_bronze.yaml
2025-08-02 21:52:39,913 - lhp.core.orchestrator - DEBUG - Discovered flowgroup: sink_examples (pipeline: bronze_load) in C:\Users\FedAguirre\Fed_AA\Learning\MDDF-CURSOR\Lakehouse_Plumber\Example_Projects\my_lakehouse_project\pipelines\02_bronze\sink_examples.yaml
2025-08-02 21:52:39,913 - lhp.core.orchestrator - DEBUG - Found flowgroup 'nation_ingestion_custom_python' for pipeline 'raw_ingestions'
2025-08-02 21:52:39,915 - lhp.core.orchestrator - DEBUG - Discovered flowgroup: nation_ingestion_custom_python (pipeline: raw_ingestions) in C:\Users\FedAguirre\Fed_AA\Learning\MDDF-CURSOR\Lakehouse_Plumber\Example_Projects\my_lakehouse_project\pipelines\01_raw_ingestion\custom_ingestion\nation_ingestion.yaml
2025-08-02 21:52:39,917 - lhp.core.orchestrator - DEBUG - Discovered flowgroup: nation_bronze (pipeline: bronze_load) in C:\Users\FedAguirre\Fed_AA\Learning\MDDF-CURSOR\Lakehouse_Plumber\Example_Projects\my_lakehouse_project\pipelines\02_bronze\nation_bronze.yaml
2025-08-02 21:52:39,917 - lhp.core.orchestrator - DEBUG - Discovered flowgroup: sink_examples (pipeline: bronze_load) in C:\Users\FedAguirre\Fed_AA\Learning\MDDF-CURSOR\Lakehouse_Plumber\Example_Projects\my_lakehouse_project\pipelines\02_bronze\sink_examples.yaml
2025-08-02 21:52:39,917 - lhp.core.state_manager - DEBUG - Substitution file changed for dev
2025-08-02 21:52:39,917 - lhp.core.state_manager - DEBUG - Global dependencies changed for dev - marking all files as stale
2025-08-02 21:52:39,923 - lhp.core.project_config_loader - INFO - Loaded project configuration from C:\Users\FedAguirre\Fed_AA\Learning\MDDF-CURSOR\Lakehouse_Plumber\Example_Projects\my_lakehouse_project\lhp.yaml
2025-08-02 21:52:39,930 - lhp.core.state_manager - DEBUG - Substitution file changed for dev
2025-08-02 21:52:39,932 - lhp.core.orchestrator - INFO - Global dependency changes detected: ['Substitution file (substitutions/dev.yaml) changed']
2025-08-02 21:52:39,932 - lhp.core.orchestrator - DEBUG - File generated\raw_ingestions\functions\__init__.py is stale due to: ['Substitution file (substitutions/dev.yaml) changed']
2025-08-02 21:52:39,932 - lhp.core.orchestrator - DEBUG - File generated\raw_ingestions\functions\get_nation.py is stale due to: ['Substitution file (substitutions/dev.yaml) changed']
2025-08-02 21:52:39,932 - lhp.core.orchestrator - DEBUG - File generated\raw_ingestions\nation_ingestion_custom_python.py is stale due to: ['Substitution file (substitutions/dev.yaml) changed']
2025-08-02 21:52:39,932 - lhp.core.orchestrator - INFO - Smart generation: processing 1/3 flowgroups
2025-08-02 21:52:39,933 - lhp.core.orchestrator - INFO - Processing flowgroup: nation_ingestion_custom_python
2025-08-02 21:52:39,936 - lhp.utils.python_file_manager - INFO - Copied C:\Users\FedAguirre\Fed_AA\Learning\MDDF-CURSOR\Lakehouse_Plumber\Example_Projects\my_lakehouse_project\functions\get_nation.py to C:\Users\FedAguirre\Fed_AA\Learning\MDDF-CURSOR\Lakehouse_Plumber\Example_Projects\my_lakehouse_project\generated\raw_ingestions\functions\get_nation.py
2025-08-02 21:52:39,936 - lhp.core.state_dependency_resolver - DEBUG - Resolved 0 dependencies for pipelines\01_raw_ingestion\custom_ingestion\nation_ingestion.yaml
2025-08-02 21:52:39,936 - lhp.core.state_manager - DEBUG - Updated global dependencies for environment: dev
2025-08-02 21:52:39,936 - lhp.core.state_manager - DEBUG - Tracked generated file: generated\raw_ingestions\functions\get_nation.py from pipelines\01_raw_ingestion\custom_ingestion\nation_ingestion.yaml with 0 dependencies
2025-08-02 21:52:39,936 - lhp.generators.load.python - INFO - Copied 1 Python function file(s) to C:\Users\FedAguirre\Fed_AA\Learning\MDDF-CURSOR\Lakehouse_Plumber\Example_Projects\my_lakehouse_project\generated\raw_ingestions
2025-08-02 21:52:39,943 - lhp.utils.smart_file_writer - DEBUG - Skipping C:\Users\FedAguirre\Fed_AA\Learning\MDDF-CURSOR\Lakehouse_Plumber\Example_Projects\my_lakehouse_project\generated\raw_ingestions\nation_ingestion_custom_python.py (no changes)
2025-08-02 21:52:39,946 - lhp.core.state_dependency_resolver - DEBUG - Resolved 0 dependencies for pipelines\01_raw_ingestion\custom_ingestion\nation_ingestion.yaml
2025-08-02 21:52:39,947 - lhp.core.state_manager - DEBUG - Updated global dependencies for environment: dev
2025-08-02 21:52:39,947 - lhp.core.state_manager - DEBUG - Tracked generated file: generated\raw_ingestions\nation_ingestion_custom_python.py from pipelines\01_raw_ingestion\custom_ingestion\nation_ingestion.yaml with 0 dependencies
2025-08-02 21:52:39,947 - lhp.core.orchestrator - INFO - Generated: C:\Users\FedAguirre\Fed_AA\Learning\MDDF-CURSOR\Lakehouse_Plumber\Example_Projects\my_lakehouse_project\generated\raw_ingestions\nation_ingestion_custom_python.py
2025-08-02 21:52:39,947 - lhp.core.state_manager - DEBUG - Saved state to C:\Users\FedAguirre\Fed_AA\Learning\MDDF-CURSOR\Lakehouse_Plumber\Example_Projects\my_lakehouse_project\.lhp_state.json
2025-08-02 21:52:39,947 - lhp.core.orchestrator - INFO - Pipeline generation complete: raw_ingestions
2025-08-02 21:52:39,947 - lhp.core.state_manager - DEBUG - Saved state to C:\Users\FedAguirre\Fed_AA\Learning\MDDF-CURSOR\Lakehouse_Plumber\Example_Projects\my_lakehouse_project\.lhp_state.json
2025-08-02 21:52:39,947 - lhp.utils.bundle_detection - DEBUG - Bundle support disabled - no databricks.yml found in C:\Users\FedAguirre\Fed_AA\Learning\MDDF-CURSOR\Lakehouse_Plumber\Example_Projects\my_lakehouse_project
